// Vitest Snapshot v1, https://vitest.dev/guide/snapshot.html

exports[`LoginComponent > renders properly 1`] = `
"<h3 class="text-lg font-bold">Authentication</h3>
<p class="py-4">Please enter id</p>
<form class="flex flex-col gap-4">
  <div class="flex flex-col items-center gap-2 px-6">
    <div class="flex flex-col w-full"><label for="email">Email</label><input type="text" class="input input-bordered w-full" placeholder="Email"></div>
    <div class="flex flex-col w-full"><label for="password">Password</label><input type="password" class="input input-bordered w-full" placeholder="Password"></div>
  </div><button class="btn"><span>Login</span></button>
</form>"
`;
